#
# There is insufficient memory for the Java Runtime Environment to continue.
# Native memory allocation (malloc) failed to allocate 1050336 bytes for Chunk::new
# Possible reasons:
#   The system is out of physical RAM or swap space
#   The process is running with CompressedOops enabled, and the Java Heap may be blocking the growth of the native heap
# Possible solutions:
#   Reduce memory load on the system
#   Increase physical memory or swap space
#   Check if swap backing store is full
#   Decrease Java heap size (-Xmx/-Xms)
#   Decrease number of Java threads
#   Decrease Java thread stack sizes (-Xss)
#   Set larger code cache with -XX:ReservedCodeCacheSize=
#   JVM is running with Unscaled Compressed Oops mode in which the Java heap is
#     placed in the first 4GB address space. The Java Heap base address is the
#     maximum limit for the native heap growth. Please use -XX:HeapBaseMinAddress
#     to set the Java Heap base and to place the Java Heap above 4GB virtual address.
# This output file may be truncated or incomplete.
#
#  Out of Memory Error (arena.cpp:189), pid=19876, tid=1684
#
# JRE version: Java(TM) SE Runtime Environment (17.0.10+11) (build 17.0.10+11-LTS-240)
# Java VM: Java HotSpot(TM) 64-Bit Server VM (17.0.10+11-LTS-240, mixed mode, sharing, tiered, compressed oops, compressed class ptrs, g1 gc, windows-amd64)
# No core dump will be written. Minidumps are not enabled by default on client versions of Windows
#

---------------  S U M M A R Y ------------

Command Line: -Dclassworlds.conf=C:\Program Files\apache-maven-3.9.6\bin\m2.conf -Dmaven.home=C:\Program Files\apache-maven-3.9.6 -Dlibrary.jansi.path=C:\Program Files\apache-maven-3.9.6\lib\jansi-native -Dmaven.multiModuleProjectDirectory=C:\Users\Viviana\Desktop\Universidad\Sexto Semestre\Ingeniería de software 2\Proyecto\Andina-Trading\Backend\servicio-portafolio org.codehaus.plexus.classworlds.launcher.Launcher clean package -DskipTests

Host: 11th Gen Intel(R) Core(TM) i3-1115G4 @ 3.00GHz, 4 cores, 7G,  Windows 11 , 64 bit Build 26100 (10.0.26100.7019)
Time: Thu Oct 30 12:34:38 2025 Hora est. Pacífico, Sudamérica elapsed time: 112.560975 seconds (0d 0h 1m 52s)

---------------  T H R E A D  ---------------

Current thread (0x0000011d793207d0):  JavaThread "C2 CompilerThread0" daemon [_thread_in_native, id=1684, stack(0x0000000407900000,0x0000000407a00000)]


Current CompileTask:
C2: 112561 5956   !   4       com.sun.tools.javac.jvm.ClassReader::classSigToType (497 bytes)

Stack: [0x0000000407900000,0x0000000407a00000]
Native frames: (J=compiled Java code, j=interpreted, Vv=VM code, C=native code)
V  [jvm.dll+0x677a5a]
V  [jvm.dll+0x7d8b2d]
V  [jvm.dll+0x7da48e]
V  [jvm.dll+0x7daaf3]
V  [jvm.dll+0x2455ff]
V  [jvm.dll+0xaaafb]
V  [jvm.dll+0xab09c]
V  [jvm.dll+0x2aafef]
V  [jvm.dll+0x57fd55]
V  [jvm.dll+0x220472]
V  [jvm.dll+0x22084f]
V  [jvm.dll+0x2197a6]
V  [jvm.dll+0x216c79]
V  [jvm.dll+0x1a3410]
V  [jvm.dll+0x226aeb]
V  [jvm.dll+0x224cab]
V  [jvm.dll+0x78e45c]
V  [jvm.dll+0x78888a]
V  [jvm.dll+0x676935]
C  [ucrtbase.dll+0x37b0]
C  [KERNEL32.DLL+0x2e8d7]
C  [ntdll.dll+0x8c53c]


---------------  P R O C E S S  ---------------

Threads class SMR info:
_java_thread_list=0x0000011d7f3a98d0, length=13, elements={
0x0000011d6ac7e6f0, 0x0000011d79303cc0, 0x0000011d793051f0, 0x0000011d7931dcf0,
0x0000011d7931e6b0, 0x0000011d7931f070, 0x0000011d7931fa30, 0x0000011d793207d0,
0x0000011d79339b40, 0x0000011d794f0060, 0x0000011d7959fb30, 0x0000011d795b22e0,
0x0000011d5065c010
}

Java Threads: ( => current thread )
  0x0000011d6ac7e6f0 JavaThread "main" [_thread_in_Java, id=21716, stack(0x0000000406c00000,0x0000000406d00000)]
  0x0000011d79303cc0 JavaThread "Reference Handler" daemon [_thread_blocked, id=9840, stack(0x0000000407300000,0x0000000407400000)]
  0x0000011d793051f0 JavaThread "Finalizer" daemon [_thread_blocked, id=23496, stack(0x0000000407400000,0x0000000407500000)]
  0x0000011d7931dcf0 JavaThread "Signal Dispatcher" daemon [_thread_blocked, id=11096, stack(0x0000000407500000,0x0000000407600000)]
  0x0000011d7931e6b0 JavaThread "Attach Listener" daemon [_thread_blocked, id=9324, stack(0x0000000407600000,0x0000000407700000)]
  0x0000011d7931f070 JavaThread "Service Thread" daemon [_thread_blocked, id=20484, stack(0x0000000407700000,0x0000000407800000)]
  0x0000011d7931fa30 JavaThread "Monitor Deflation Thread" daemon [_thread_blocked, id=8620, stack(0x0000000407800000,0x0000000407900000)]
=>0x0000011d793207d0 JavaThread "C2 CompilerThread0" daemon [_thread_in_native, id=1684, stack(0x0000000407900000,0x0000000407a00000)]
  0x0000011d79339b40 JavaThread "C1 CompilerThread0" daemon [_thread_blocked, id=12540, stack(0x0000000407a00000,0x0000000407b00000)]
  0x0000011d794f0060 JavaThread "Sweeper thread" daemon [_thread_blocked, id=16192, stack(0x0000000407b00000,0x0000000407c00000)]
  0x0000011d7959fb30 JavaThread "Notification Thread" daemon [_thread_blocked, id=17084, stack(0x0000000407c00000,0x0000000407d00000)]
  0x0000011d795b22e0 JavaThread "Common-Cleaner" daemon [_thread_blocked, id=16004, stack(0x0000000407e00000,0x0000000407f00000)]
  0x0000011d5065c010 JavaThread "C2 CompilerThread1" daemon [_thread_new, id=4812, stack(0x0000000000000000,0x0000000000000000)]

Other Threads:
  0x0000011d792fe000 VMThread "VM Thread" [stack: 0x0000000407200000,0x0000000407300000] [id=19628]
  0x0000011d795b0040 WatcherThread [stack: 0x0000000407d00000,0x0000000407e00000] [id=19744]
  0x0000011d6acd6790 GCTaskThread "GC Thread#0" [stack: 0x0000000406d00000,0x0000000406e00000] [id=14452]
  0x0000011d795d23d0 GCTaskThread "GC Thread#1" [stack: 0x0000000407f00000,0x0000000408000000] [id=15228]
  0x0000011d7e4b8000 GCTaskThread "GC Thread#2" [stack: 0x0000000408000000,0x0000000408100000] [id=19040]
  0x0000011d7e4b82c0 GCTaskThread "GC Thread#3" [stack: 0x0000000408100000,0x0000000408200000] [id=15860]
  0x0000011d6ace6d60 ConcurrentGCThread "G1 Main Marker" [stack: 0x0000000406e00000,0x0000000406f00000] [id=16072]
  0x0000011d6ace9450 ConcurrentGCThread "G1 Conc#0" [stack: 0x0000000406f00000,0x0000000407000000] [id=20944]
  0x0000011d6ad40ce0 ConcurrentGCThread "G1 Refine#0" [stack: 0x0000000407000000,0x0000000407100000] [id=24204]
  0x0000011d7e5ce120 ConcurrentGCThread "G1 Refine#1" [stack: 0x0000000406b00000,0x0000000406c00000] [id=17744]
  0x0000011d6ad444d0 ConcurrentGCThread "G1 Service" [stack: 0x0000000407100000,0x0000000407200000] [id=17748]

Threads with active compile tasks:
C2 CompilerThread0   112612 5956   !   4       com.sun.tools.javac.jvm.ClassReader::classSigToType (497 bytes)

VM state: not at safepoint (normal execution)

VM Mutex/Monitor currently owned by a thread: None

Heap address: 0x0000000084c00000, size: 1972 MB, Compressed Oops mode: 32-bit

CDS archive(s) mapped at: [0x0000011d0f000000-0x0000011d0fbd0000-0x0000011d0fbd0000), size 12386304, SharedBaseAddress: 0x0000011d0f000000, ArchiveRelocationMode: 1.
Compressed class space mapped at: 0x0000011d10000000-0x0000011d50000000, reserved size: 1073741824
Narrow klass base: 0x0000011d0f000000, Narrow klass shift: 0, Narrow klass range: 0x100000000

GC Precious Log:
 CPUs: 4 total, 4 available
 Memory: 7886M
 Large Page Support: Disabled
 NUMA Support: Disabled
 Compressed Oops: Enabled (32-bit)
 Heap Region Size: 1M
 Heap Min Capacity: 8M
 Heap Initial Capacity: 124M
 Heap Max Capacity: 1972M
 Pre-touch: Disabled
 Parallel Workers: 4
 Concurrent Workers: 1
 Concurrent Refinement Workers: 4
 Periodic GC: Disabled

Heap:
 garbage-first heap   total 106496K, used 49664K [0x0000000084c00000, 0x0000000100000000)
  region size 1024K, 6 young (6144K), 1 survivors (1024K)
 Metaspace       used 26459K, committed 26816K, reserved 1114112K
  class space    used 3018K, committed 3200K, reserved 1048576K

Heap Regions: E=young(eden), S=young(survivor), O=old, HS=humongous(starts), HC=humongous(continues), CS=collection set, F=free, OA=open archive, CA=closed archive, TAMS=top-at-mark-start (previous, next)
|   0|0x0000000084c00000, 0x0000000084d00000, 0x0000000084d00000|100%| O|  |TAMS 0x0000000084d00000, 0x0000000084c00000| Untracked 
|   1|0x0000000084d00000, 0x0000000084e00000, 0x0000000084e00000|100%| O|  |TAMS 0x0000000084e00000, 0x0000000084d00000| Untracked 
|   2|0x0000000084e00000, 0x0000000084f00000, 0x0000000084f00000|100%| O|  |TAMS 0x0000000084f00000, 0x0000000084e00000| Untracked 
|   3|0x0000000084f00000, 0x0000000085000000, 0x0000000085000000|100%| O|  |TAMS 0x0000000085000000, 0x0000000084f00000| Untracked 
|   4|0x0000000085000000, 0x0000000085100000, 0x0000000085100000|100%| O|  |TAMS 0x0000000085100000, 0x0000000085000000| Untracked 
|   5|0x0000000085100000, 0x0000000085200000, 0x0000000085200000|100%| O|  |TAMS 0x0000000085200000, 0x0000000085100000| Untracked 
|   6|0x0000000085200000, 0x0000000085300000, 0x0000000085300000|100%| O|  |TAMS 0x0000000085300000, 0x0000000085200000| Untracked 
|   7|0x0000000085300000, 0x0000000085400000, 0x0000000085400000|100%| O|  |TAMS 0x0000000085400000, 0x0000000085300000| Untracked 
|   8|0x0000000085400000, 0x0000000085500000, 0x0000000085500000|100%| O|  |TAMS 0x0000000085500000, 0x0000000085400000| Untracked 
|   9|0x0000000085500000, 0x0000000085600000, 0x0000000085600000|100%| O|  |TAMS 0x0000000085600000, 0x0000000085500000| Untracked 
|  10|0x0000000085600000, 0x0000000085700000, 0x0000000085700000|100%| O|  |TAMS 0x0000000085700000, 0x0000000085600000| Untracked 
|  11|0x0000000085700000, 0x0000000085800000, 0x0000000085800000|100%| O|  |TAMS 0x0000000085800000, 0x0000000085700000| Untracked 
|  12|0x0000000085800000, 0x0000000085900000, 0x0000000085900000|100%| O|  |TAMS 0x0000000085804a00, 0x0000000085800000| Untracked 
|  13|0x0000000085900000, 0x0000000085a00000, 0x0000000085a00000|100%|HS|  |TAMS 0x0000000085900000, 0x0000000085900000| Complete 
|  14|0x0000000085a00000, 0x0000000085b00000, 0x0000000085b00000|100%| O|  |TAMS 0x0000000085a00000, 0x0000000085a00000| Untracked 
|  15|0x0000000085b00000, 0x0000000085c00000, 0x0000000085c00000|100%| O|  |TAMS 0x0000000085b00000, 0x0000000085b00000| Untracked 
|  16|0x0000000085c00000, 0x0000000085d00000, 0x0000000085d00000|100%|HS|  |TAMS 0x0000000085d00000, 0x0000000085c00000| Complete 
|  17|0x0000000085d00000, 0x0000000085e00000, 0x0000000085e00000|100%|HC|  |TAMS 0x0000000085e00000, 0x0000000085d00000| Complete 
|  18|0x0000000085e00000, 0x0000000085f00000, 0x0000000085f00000|100%| O|  |TAMS 0x0000000085e00000, 0x0000000085e00000| Untracked 
|  19|0x0000000085f00000, 0x0000000086000000, 0x0000000086000000|100%| O|  |TAMS 0x0000000085f00000, 0x0000000085f00000| Untracked 
|  20|0x0000000086000000, 0x0000000086100000, 0x0000000086100000|100%| O|  |TAMS 0x0000000086000000, 0x0000000086000000| Untracked 
|  21|0x0000000086100000, 0x0000000086200000, 0x0000000086200000|100%| O|  |TAMS 0x0000000086100000, 0x0000000086100000| Untracked 
|  22|0x0000000086200000, 0x0000000086300000, 0x0000000086300000|100%| O|  |TAMS 0x0000000086200000, 0x0000000086200000| Untracked 
|  23|0x0000000086300000, 0x0000000086300000, 0x0000000086400000|  0%| F|  |TAMS 0x0000000086300000, 0x0000000086300000| Untracked 
|  24|0x0000000086400000, 0x0000000086500000, 0x0000000086500000|100%| O|  |TAMS 0x0000000086400000, 0x0000000086400000| Untracked 
|  25|0x0000000086500000, 0x0000000086600000, 0x0000000086600000|100%|HS|  |TAMS 0x0000000086500000, 0x0000000086500000| Complete 
|  26|0x0000000086600000, 0x0000000086700000, 0x0000000086700000|100%| O|  |TAMS 0x0000000086600000, 0x0000000086600000| Untracked 
|  27|0x0000000086700000, 0x0000000086800000, 0x0000000086800000|100%| O|  |TAMS 0x0000000086700000, 0x0000000086700000| Untracked 
|  28|0x0000000086800000, 0x0000000086900000, 0x0000000086900000|100%| O|  |TAMS 0x0000000086800000, 0x0000000086800000| Untracked 
|  29|0x0000000086900000, 0x0000000086a00000, 0x0000000086a00000|100%| O|  |TAMS 0x0000000086900000, 0x0000000086900000| Untracked 
|  30|0x0000000086a00000, 0x0000000086b00000, 0x0000000086b00000|100%| O|  |TAMS 0x0000000086a00000, 0x0000000086a00000| Untracked 
|  31|0x0000000086b00000, 0x0000000086c00000, 0x0000000086c00000|100%| O|  |TAMS 0x0000000086b00000, 0x0000000086b00000| Untracked 
|  32|0x0000000086c00000, 0x0000000086c00000, 0x0000000086d00000|  0%| F|  |TAMS 0x0000000086c00000, 0x0000000086c00000| Untracked 
|  33|0x0000000086d00000, 0x0000000086d00000, 0x0000000086e00000|  0%| F|  |TAMS 0x0000000086d00000, 0x0000000086d00000| Untracked 
|  34|0x0000000086e00000, 0x0000000086e00000, 0x0000000086f00000|  0%| F|  |TAMS 0x0000000086e00000, 0x0000000086e00000| Untracked 
|  35|0x0000000086f00000, 0x0000000086f00000, 0x0000000087000000|  0%| F|  |TAMS 0x0000000086f00000, 0x0000000086f00000| Untracked 
|  36|0x0000000087000000, 0x0000000087000000, 0x0000000087100000|  0%| F|  |TAMS 0x0000000087000000, 0x0000000087000000| Untracked 
|  37|0x0000000087100000, 0x0000000087100000, 0x0000000087200000|  0%| F|  |TAMS 0x0000000087100000, 0x0000000087100000| Untracked 
|  38|0x0000000087200000, 0x0000000087200000, 0x0000000087300000|  0%| F|  |TAMS 0x0000000087200000, 0x0000000087200000| Untracked 
|  39|0x0000000087300000, 0x0000000087300000, 0x0000000087400000|  0%| F|  |TAMS 0x0000000087300000, 0x0000000087300000| Untracked 
|  40|0x0000000087400000, 0x0000000087500000, 0x0000000087500000|100%| O|  |TAMS 0x0000000087400000, 0x0000000087400000| Untracked 
|  41|0x0000000087500000, 0x0000000087600000, 0x0000000087600000|100%| O|  |TAMS 0x0000000087500000, 0x0000000087500000| Untracked 
|  42|0x0000000087600000, 0x0000000087700000, 0x0000000087700000|100%| O|  |TAMS 0x0000000087600000, 0x0000000087600000| Untracked 
|  43|0x0000000087700000, 0x0000000087800000, 0x0000000087800000|100%| O|  |TAMS 0x0000000087700000, 0x0000000087700000| Untracked 
|  44|0x0000000087800000, 0x0000000087900000, 0x0000000087900000|100%| O|  |TAMS 0x0000000087800000, 0x0000000087800000| Untracked 
|  45|0x0000000087900000, 0x0000000087980000, 0x0000000087a00000| 50%| O|  |TAMS 0x0000000087900000, 0x0000000087900000| Untracked 
|  46|0x0000000087a00000, 0x0000000087a00000, 0x0000000087b00000|  0%| F|  |TAMS 0x0000000087a00000, 0x0000000087a00000| Untracked 
|  47|0x0000000087b00000, 0x0000000087b00000, 0x0000000087c00000|  0%| F|  |TAMS 0x0000000087b00000, 0x0000000087b00000| Untracked 
|  48|0x0000000087c00000, 0x0000000087c00000, 0x0000000087d00000|  0%| F|  |TAMS 0x0000000087c00000, 0x0000000087c00000| Untracked 
|  49|0x0000000087d00000, 0x0000000087d00000, 0x0000000087e00000|  0%| F|  |TAMS 0x0000000087d00000, 0x0000000087d00000| Untracked 
|  50|0x0000000087e00000, 0x0000000087e00000, 0x0000000087f00000|  0%| F|  |TAMS 0x0000000087e00000, 0x0000000087e00000| Untracked 
|  51|0x0000000087f00000, 0x0000000087f00000, 0x0000000088000000|  0%| F|  |TAMS 0x0000000087f00000, 0x0000000087f00000| Untracked 
|  52|0x0000000088000000, 0x0000000088000000, 0x0000000088100000|  0%| F|  |TAMS 0x0000000088000000, 0x0000000088000000| Untracked 
|  53|0x0000000088100000, 0x0000000088100000, 0x0000000088200000|  0%| F|  |TAMS 0x0000000088100000, 0x0000000088100000| Untracked 
|  54|0x0000000088200000, 0x0000000088200000, 0x0000000088300000|  0%| F|  |TAMS 0x0000000088200000, 0x0000000088200000| Untracked 
|  55|0x0000000088300000, 0x0000000088300000, 0x0000000088400000|  0%| F|  |TAMS 0x0000000088300000, 0x0000000088300000| Untracked 
|  56|0x0000000088400000, 0x0000000088400000, 0x0000000088500000|  0%| F|  |TAMS 0x0000000088400000, 0x0000000088400000| Untracked 
|  57|0x0000000088500000, 0x0000000088500000, 0x0000000088600000|  0%| F|  |TAMS 0x0000000088500000, 0x0000000088500000| Untracked 
|  58|0x0000000088600000, 0x0000000088600000, 0x0000000088700000|  0%| F|  |TAMS 0x0000000088600000, 0x0000000088600000| Untracked 
|  59|0x0000000088700000, 0x0000000088700000, 0x0000000088800000|  0%| F|  |TAMS 0x0000000088700000, 0x0000000088700000| Untracked 
|  60|0x0000000088800000, 0x0000000088800000, 0x0000000088900000|  0%| F|  |TAMS 0x0000000088800000, 0x0000000088800000| Untracked 
|  61|0x0000000088900000, 0x0000000088900000, 0x0000000088a00000|  0%| F|  |TAMS 0x0000000088900000, 0x0000000088900000| Untracked 
|  62|0x0000000088a00000, 0x0000000088a00000, 0x0000000088b00000|  0%| F|  |TAMS 0x0000000088a00000, 0x0000000088a00000| Untracked 
|  63|0x0000000088b00000, 0x0000000088b00000, 0x0000000088c00000|  0%| F|  |TAMS 0x0000000088b00000, 0x0000000088b00000| Untracked 
|  64|0x0000000088c00000, 0x0000000088c00000, 0x0000000088d00000|  0%| F|  |TAMS 0x0000000088c00000, 0x0000000088c00000| Untracked 
|  65|0x0000000088d00000, 0x0000000088d00000, 0x0000000088e00000|  0%| F|  |TAMS 0x0000000088d00000, 0x0000000088d00000| Untracked 
|  66|0x0000000088e00000, 0x0000000088e00000, 0x0000000088f00000|  0%| F|  |TAMS 0x0000000088e00000, 0x0000000088e00000| Untracked 
|  67|0x0000000088f00000, 0x0000000088f00000, 0x0000000089000000|  0%| F|  |TAMS 0x0000000088f00000, 0x0000000088f00000| Untracked 
|  68|0x0000000089000000, 0x0000000089000000, 0x0000000089100000|  0%| F|  |TAMS 0x0000000089000000, 0x0000000089000000| Untracked 
|  69|0x0000000089100000, 0x0000000089100000, 0x0000000089200000|  0%| F|  |TAMS 0x0000000089100000, 0x0000000089100000| Untracked 
|  70|0x0000000089200000, 0x0000000089200000, 0x0000000089300000|  0%| F|  |TAMS 0x0000000089200000, 0x0000000089200000| Untracked 
|  71|0x0000000089300000, 0x0000000089300000, 0x0000000089400000|  0%| F|  |TAMS 0x0000000089300000, 0x0000000089300000| Untracked 
|  72|0x0000000089400000, 0x0000000089400000, 0x0000000089500000|  0%| F|  |TAMS 0x0000000089400000, 0x0000000089400000| Untracked 
|  73|0x0000000089500000, 0x0000000089500000, 0x0000000089600000|  0%| F|  |TAMS 0x0000000089500000, 0x0000000089500000| Untracked 
|  74|0x0000000089600000, 0x0000000089600000, 0x0000000089700000|  0%| F|  |TAMS 0x0000000089600000, 0x0000000089600000| Untracked 
|  75|0x0000000089700000, 0x0000000089700000, 0x0000000089800000|  0%| F|  |TAMS 0x0000000089700000, 0x0000000089700000| Untracked 
|  76|0x0000000089800000, 0x0000000089800000, 0x0000000089900000|  0%| F|  |TAMS 0x0000000089800000, 0x0000000089800000| Untracked 
|  77|0x0000000089900000, 0x0000000089900000, 0x0000000089a00000|  0%| F|  |TAMS 0x0000000089900000, 0x0000000089900000| Untracked 
|  78|0x0000000089a00000, 0x0000000089a00000, 0x0000000089b00000|  0%| F|  |TAMS 0x0000000089a00000, 0x0000000089a00000| Untracked 
|  79|0x0000000089b00000, 0x0000000089b00000, 0x0000000089c00000|  0%| F|  |TAMS 0x0000000089b00000, 0x0000000089b00000| Untracked 
|  80|0x0000000089c00000, 0x0000000089c00000, 0x0000000089d00000|  0%| F|  |TAMS 0x0000000089c00000, 0x0000000089c00000| Untracked 
|  81|0x0000000089d00000, 0x0000000089d00000, 0x0000000089e00000|  0%| F|  |TAMS 0x0000000089d00000, 0x0000000089d00000| Untracked 
|  82|0x0000000089e00000, 0x0000000089e00000, 0x0000000089f00000|  0%| F|  |TAMS 0x0000000089e00000, 0x0000000089e00000| Untracked 
|  83|0x0000000089f00000, 0x0000000089f00000, 0x000000008a000000|  0%| F|  |TAMS 0x0000000089f00000, 0x0000000089f00000| Untracked 
|  84|0x000000008a000000, 0x000000008a000000, 0x000000008a100000|  0%| F|  |TAMS 0x000000008a000000, 0x000000008a000000| Untracked 
|  85|0x000000008a100000, 0x000000008a100000, 0x000000008a200000|  0%| F|  |TAMS 0x000000008a100000, 0x000000008a100000| Untracked 
|  86|0x000000008a200000, 0x000000008a200000, 0x000000008a300000|  0%| F|  |TAMS 0x000000008a200000, 0x000000008a200000| Untracked 
|  87|0x000000008a300000, 0x000000008a300000, 0x000000008a400000|  0%| F|  |TAMS 0x000000008a300000, 0x000000008a300000| Untracked 
|  88|0x000000008a400000, 0x000000008a400000, 0x000000008a500000|  0%| F|  |TAMS 0x000000008a400000, 0x000000008a400000| Untracked 
|  89|0x000000008a500000, 0x000000008a500000, 0x000000008a600000|  0%| F|  |TAMS 0x000000008a500000, 0x000000008a500000| Untracked 
|  90|0x000000008a600000, 0x000000008a600000, 0x000000008a700000|  0%| F|  |TAMS 0x000000008a600000, 0x000000008a600000| Untracked 
|  95|0x000000008ab00000, 0x000000008ac00000, 0x000000008ac00000|100%| E|  |TAMS 0x000000008ab00000, 0x000000008ab00000| Complete 
|  96|0x000000008ac00000, 0x000000008ad00000, 0x000000008ad00000|100%| E|CS|TAMS 0x000000008ac00000, 0x000000008ac00000| Complete 
|  97|0x000000008ad00000, 0x000000008ae00000, 0x000000008ae00000|100%| E|CS|TAMS 0x000000008ad00000, 0x000000008ad00000| Complete 
|  98|0x000000008ae00000, 0x000000008af00000, 0x000000008af00000|100%| E|CS|TAMS 0x000000008ae00000, 0x000000008ae00000| Complete 
|  99|0x000000008af00000, 0x000000008b000000, 0x000000008b000000|100%| S|CS|TAMS 0x000000008af00000, 0x000000008af00000| Complete 
| 123|0x000000008c700000, 0x000000008c800000, 0x000000008c800000|100%| E|CS|TAMS 0x000000008c700000, 0x000000008c700000| Complete 
|1965|0x00000000ff900000, 0x00000000ffa00000, 0x00000000ffa00000|100%| O|  |TAMS 0x00000000ff900000, 0x00000000ff900000| Untracked 
|1966|0x00000000ffa00000, 0x00000000ffb00000, 0x00000000ffb00000|100%| O|  |TAMS 0x00000000ffa00000, 0x00000000ffa00000| Untracked 
|1967|0x00000000ffb00000, 0x00000000ffc00000, 0x00000000ffc00000|100%| O|  |TAMS 0x00000000ffb00000, 0x00000000ffb00000| Untracked 
|1968|0x00000000ffc00000, 0x00000000ffd00000, 0x00000000ffd00000|100%| O|  |TAMS 0x00000000ffc00000, 0x00000000ffc00000| Untracked 
|1969|0x00000000ffd00000, 0x00000000ffe00000, 0x00000000ffe00000|100%| O|  |TAMS 0x00000000ffd00000, 0x00000000ffd00000| Untracked 
|1970|0x00000000ffe00000, 0x00000000fff00000, 0x00000000fff00000|100%| O|  |TAMS 0x00000000ffe00000, 0x00000000ffe00000| Untracked 
|1971|0x00000000fff00000, 0x0000000100000000, 0x0000000100000000|100%| O|  |TAMS 0x00000000fff00000, 0x00000000fff00000| Untracked 

Card table byte_map: [0x0000011d72910000,0x0000011d72cf0000] _byte_map_base: 0x0000011d724ea000

Marking Bits (Prev, Next): (CMBitMap*) 0x0000011d6acd6df0, (CMBitMap*) 0x0000011d6acd6db0
 Prev Bits: [0x0000011d74fa0000, 0x0000011d76e70000)
 Next Bits: [0x0000011d730d0000, 0x0000011d74fa0000)

Polling page: 0x0000011d68bf0000

Metaspace:

Usage:
  Non-class:     22.89 MB used.
      Class:      2.95 MB used.
       Both:     25.84 MB used.

Virtual space:
  Non-class space:       64.00 MB reserved,      23.06 MB ( 36%) committed,  1 nodes.
      Class space:        1.00 GB reserved,       3.12 MB ( <1%) committed,  1 nodes.
             Both:        1.06 GB reserved,      26.19 MB (  2%) committed. 

Chunk freelists:
   Non-Class:  8.03 MB
       Class:  12.86 MB
        Both:  20.89 MB

MaxMetaspaceSize: unlimited
CompressedClassSpaceSize: 1.00 GB
Initial GC threshold: 21.00 MB
Current GC threshold: 35.25 MB
CDS: on
MetaspaceReclaimPolicy: balanced
 - commit_granule_bytes: 65536.
 - commit_granule_words: 8192.
 - virtual_space_node_default_size: 8388608.
 - enlarge_chunks_in_place: 1.
 - new_chunks_are_fully_committed: 0.
 - uncommit_free_chunks: 1.
 - use_allocation_guard: 0.
 - handle_deallocations: 1.


Internal statistics:

num_allocs_failed_limit: 3.
num_arena_births: 166.
num_arena_deaths: 0.
num_vsnodes_births: 2.
num_vsnodes_deaths: 0.
num_space_committed: 419.
num_space_uncommitted: 0.
num_chunks_returned_to_freelist: 3.
num_chunks_taken_from_freelist: 1117.
num_chunk_merges: 3.
num_chunk_splits: 787.
num_chunks_enlarged: 609.
num_inconsistent_stats: 0.

CodeHeap 'non-profiled nmethods': size=120000Kb used=3013Kb max_used=3013Kb free=116986Kb
 bounds [0x0000011d07ad0000, 0x0000011d07dd0000, 0x0000011d0f000000]
CodeHeap 'profiled nmethods': size=120000Kb used=10698Kb max_used=10698Kb free=109301Kb
 bounds [0x0000011d00000000, 0x0000011d00aa0000, 0x0000011d07530000]
CodeHeap 'non-nmethods': size=5760Kb used=1219Kb max_used=1266Kb free=4540Kb
 bounds [0x0000011d07530000, 0x0000011d077a0000, 0x0000011d07ad0000]
 total_blobs=5684 nmethods=5178 adapters=418
 compilation: enabled
              stopped_count=0, restarted_count=0
 full_count=0

Compilation events (20 events):
Event: 112.356 Thread 0x0000011d79339b40 nmethod 5959 0x0000011d0004b810 code [0x0000011d0004bae0, 0x0000011d0004ce88]
Event: 112.357 Thread 0x0000011d79339b40 5961       3       com.sun.tools.javac.code.Symbol$ClassSymbol::members (9 bytes)
Event: 112.357 Thread 0x0000011d79339b40 nmethod 5961 0x0000011d00831610 code [0x0000011d008317c0, 0x0000011d00831928]
Event: 112.379 Thread 0x0000011d79339b40 5962       3       com.sun.tools.javac.code.Type$ClassType::getTypeArguments (30 bytes)
Event: 112.380 Thread 0x0000011d79339b40 nmethod 5962 0x0000011d00830f10 code [0x0000011d008310c0, 0x0000011d008314c8]
Event: 112.390 Thread 0x0000011d5065c010 nmethod 5955 0x0000011d07b23290 code [0x0000011d07b23840, 0x0000011d07b26898]
Event: 112.400 Thread 0x0000011d79339b40 5963       3       com.sun.tools.javac.comp.Resolve::findImmediateMemberType (86 bytes)
Event: 112.400 Thread 0x0000011d79339b40 nmethod 5963 0x0000011d0004a890 code [0x0000011d0004aae0, 0x0000011d0004b4e8]
Event: 112.411 Thread 0x0000011d79339b40 5964       3       com.sun.tools.javac.comp.Resolve::findInheritedMemberType (186 bytes)
Event: 112.414 Thread 0x0000011d79339b40 nmethod 5964 0x0000011d00048890 code [0x0000011d00048b80, 0x0000011d0004a098]
Event: 112.424 Thread 0x0000011d79339b40 5965       3       com.sun.tools.javac.file.PathFileObject::hashCode (10 bytes)
Event: 112.425 Thread 0x0000011d79339b40 nmethod 5965 0x0000011d00048410 code [0x0000011d000485c0, 0x0000011d00048788]
Event: 112.450 Thread 0x0000011d79339b40 5966       3       com.sun.tools.javac.code.DeferredLintHandler::setPos (12 bytes)
Event: 112.450 Thread 0x0000011d79339b40 nmethod 5966 0x0000011d00048090 code [0x0000011d00048220, 0x0000011d00048378]
Event: 112.450 Thread 0x0000011d79339b40 5967       3       com.sun.tools.javac.comp.Attr::checkId (59 bytes)
Event: 112.452 Thread 0x0000011d79339b40 nmethod 5967 0x0000011d00047590 code [0x0000011d00047780, 0x0000011d00047e58]
Event: 112.458 Thread 0x0000011d79339b40 5968       3       com.sun.tools.javac.code.Type::isErroneous (34 bytes)
Event: 112.460 Thread 0x0000011d79339b40 nmethod 5968 0x0000011d00046d10 code [0x0000011d00046ee0, 0x0000011d00047408]
Event: 112.461 Thread 0x0000011d79339b40 5969       3       com.sun.tools.javac.comp.Attr::pt (8 bytes)
Event: 112.461 Thread 0x0000011d79339b40 nmethod 5969 0x0000011d00046990 code [0x0000011d00046b20, 0x0000011d00046c38]

GC Heap History (16 events):
Event: 7.483 GC heap before
{Heap before GC invocations=0 (full 0):
 garbage-first heap   total 126976K, used 13312K [0x0000000084c00000, 0x0000000100000000)
  region size 1024K, 13 young (13312K), 0 survivors (0K)
 Metaspace       used 3793K, committed 3968K, reserved 1114112K
  class space    used 407K, committed 512K, reserved 1048576K
}
Event: 7.493 GC heap after
{Heap after GC invocations=1 (full 0):
 garbage-first heap   total 126976K, used 3256K [0x0000000084c00000, 0x0000000100000000)
  region size 1024K, 2 young (2048K), 2 survivors (2048K)
 Metaspace       used 3793K, committed 3968K, reserved 1114112K
  class space    used 407K, committed 512K, reserved 1048576K
}
Event: 8.776 GC heap before
{Heap before GC invocations=1 (full 0):
 garbage-first heap   total 126976K, used 15544K [0x0000000084c00000, 0x0000000100000000)
  region size 1024K, 14 young (14336K), 2 survivors (2048K)
 Metaspace       used 5637K, committed 5824K, reserved 1114112K
  class space    used 680K, committed 768K, reserved 1048576K
}
Event: 8.781 GC heap after
{Heap after GC invocations=2 (full 0):
 garbage-first heap   total 126976K, used 3925K [0x0000000084c00000, 0x0000000100000000)
  region size 1024K, 1 young (1024K), 1 survivors (1024K)
 Metaspace       used 5637K, committed 5824K, reserved 1114112K
  class space    used 680K, committed 768K, reserved 1048576K
}
Event: 13.201 GC heap before
{Heap before GC invocations=2 (full 0):
 garbage-first heap   total 126976K, used 33621K [0x0000000084c00000, 0x0000000100000000)
  region size 1024K, 30 young (30720K), 1 survivors (1024K)
 Metaspace       used 10357K, committed 10560K, reserved 1114112K
  class space    used 1260K, committed 1344K, reserved 1048576K
}
Event: 13.213 GC heap after
{Heap after GC invocations=3 (full 0):
 garbage-first heap   total 126976K, used 5679K [0x0000000084c00000, 0x0000000100000000)
  region size 1024K, 3 young (3072K), 3 survivors (3072K)
 Metaspace       used 10357K, committed 10560K, reserved 1114112K
  class space    used 1260K, committed 1344K, reserved 1048576K
}
Event: 40.597 GC heap before
{Heap before GC invocations=3 (full 0):
 garbage-first heap   total 126976K, used 78383K [0x0000000084c00000, 0x0000000100000000)
  region size 1024K, 74 young (75776K), 3 survivors (3072K)
 Metaspace       used 15632K, committed 15808K, reserved 1114112K
  class space    used 1839K, committed 1920K, reserved 1048576K
}
Event: 40.702 GC heap after
{Heap after GC invocations=4 (full 0):
 garbage-first heap   total 126976K, used 13430K [0x0000000084c00000, 0x0000000100000000)
  region size 1024K, 10 young (10240K), 10 survivors (10240K)
 Metaspace       used 15632K, committed 15808K, reserved 1114112K
  class space    used 1839K, committed 1920K, reserved 1048576K
}
Event: 68.797 GC heap before
{Heap before GC invocations=4 (full 0):
 garbage-first heap   total 126976K, used 78966K [0x0000000084c00000, 0x0000000100000000)
  region size 1024K, 74 young (75776K), 10 survivors (10240K)
 Metaspace       used 17371K, committed 17728K, reserved 1114112K
  class space    used 1981K, committed 2176K, reserved 1048576K
}
Event: 68.864 GC heap after
{Heap after GC invocations=5 (full 0):
 garbage-first heap   total 126976K, used 18962K [0x0000000084c00000, 0x0000000100000000)
  region size 1024K, 7 young (7168K), 7 survivors (7168K)
 Metaspace       used 17371K, committed 17728K, reserved 1114112K
  class space    used 1981K, committed 2176K, reserved 1048576K
}
Event: 78.364 GC heap before
{Heap before GC invocations=5 (full 0):
 garbage-first heap   total 126976K, used 47634K [0x0000000084c00000, 0x0000000100000000)
  region size 1024K, 31 young (31744K), 7 survivors (7168K)
 Metaspace       used 21200K, committed 21504K, reserved 1114112K
  class space    used 2462K, committed 2624K, reserved 1048576K
}
Event: 78.393 GC heap after
{Heap after GC invocations=6 (full 0):
 garbage-first heap   total 126976K, used 28160K [0x0000000084c00000, 0x0000000100000000)
  region size 1024K, 5 young (5120K), 5 survivors (5120K)
 Metaspace       used 21200K, committed 21504K, reserved 1114112K
  class space    used 2462K, committed 2624K, reserved 1048576K
}
Event: 111.742 GC heap before
{Heap before GC invocations=7 (full 0):
 garbage-first heap   total 99328K, used 82432K [0x0000000084c00000, 0x0000000100000000)
  region size 1024K, 57 young (58368K), 5 survivors (5120K)
 Metaspace       used 26330K, committed 26688K, reserved 1114112K
  class space    used 3017K, committed 3200K, reserved 1048576K
}
Event: 111.779 GC heap after
{Heap after GC invocations=8 (full 0):
 garbage-first heap   total 106496K, used 44032K [0x0000000084c00000, 0x0000000100000000)
  region size 1024K, 8 young (8192K), 8 survivors (8192K)
 Metaspace       used 26330K, committed 26688K, reserved 1114112K
  class space    used 3017K, committed 3200K, reserved 1048576K
}
Event: 111.847 GC heap before
{Heap before GC invocations=8 (full 0):
 garbage-first heap   total 106496K, used 45056K [0x0000000084c00000, 0x0000000100000000)
  region size 1024K, 9 young (9216K), 8 survivors (8192K)
 Metaspace       used 26336K, committed 26688K, reserved 1114112K
  class space    used 3018K, committed 3200K, reserved 1048576K
}
Event: 111.860 GC heap after
{Heap after GC invocations=9 (full 0):
 garbage-first heap   total 106496K, used 45568K [0x0000000084c00000, 0x0000000100000000)
  region size 1024K, 1 young (1024K), 1 survivors (1024K)
 Metaspace       used 26336K, committed 26688K, reserved 1114112K
  class space    used 3018K, committed 3200K, reserved 1048576K
}

Deoptimization events (20 events):
Event: 111.278 Thread 0x0000011d6ac7e6f0 Uncommon trap: trap_request=0xffffff45 fr.pc=0x0000011d07b2ac68 relative=0x0000000000001088
Event: 111.278 Thread 0x0000011d6ac7e6f0 Uncommon trap: reason=unstable_if action=reinterpret pc=0x0000011d07b2ac68 method=com.sun.tools.javac.jvm.ClassReader.classSigToType()Lcom/sun/tools/javac/code/Type; @ 254 c2
Event: 111.278 Thread 0x0000011d6ac7e6f0 DEOPT PACKING pc=0x0000011d07b2ac68 sp=0x0000000406cfc2b0
Event: 111.278 Thread 0x0000011d6ac7e6f0 DEOPT UNPACKING pc=0x0000011d07585ba3 sp=0x0000000406cfc278 mode 2
Event: 111.565 Thread 0x0000011d6ac7e6f0 Uncommon trap: trap_request=0xffffff45 fr.pc=0x0000011d07bb8a94 relative=0x00000000000007d4
Event: 111.565 Thread 0x0000011d6ac7e6f0 Uncommon trap: reason=unstable_if action=reinterpret pc=0x0000011d07bb8a94 method=jdk.internal.jimage.ImageStringsReader.stringFromByteBuffer(Ljava/nio/ByteBuffer;I)Ljava/lang/String; @ 7 c2
Event: 111.565 Thread 0x0000011d6ac7e6f0 DEOPT PACKING pc=0x0000011d07bb8a94 sp=0x0000000406cfb100
Event: 111.565 Thread 0x0000011d6ac7e6f0 DEOPT UNPACKING pc=0x0000011d07585ba3 sp=0x0000000406cfb0b8 mode 2
Event: 111.780 Thread 0x0000011d6ac7e6f0 Uncommon trap: trap_request=0xfffffff4 fr.pc=0x0000011d07afe91c relative=0x0000000000000c3c
Event: 111.780 Thread 0x0000011d6ac7e6f0 Uncommon trap: reason=null_check action=make_not_entrant pc=0x0000011d07afe91c method=com.sun.tools.javac.util.UnsharedNameTable.fromUtf([BII)Lcom/sun/tools/javac/util/Name; @ 42 c2
Event: 111.780 Thread 0x0000011d6ac7e6f0 DEOPT PACKING pc=0x0000011d07afe91c sp=0x0000000406cfb9e0
Event: 111.780 Thread 0x0000011d6ac7e6f0 DEOPT UNPACKING pc=0x0000011d07585ba3 sp=0x0000000406cfb988 mode 2
Event: 112.244 Thread 0x0000011d6ac7e6f0 Uncommon trap: trap_request=0xffffff45 fr.pc=0x0000011d07b1ba68 relative=0x0000000000000268
Event: 112.244 Thread 0x0000011d6ac7e6f0 Uncommon trap: reason=unstable_if action=reinterpret pc=0x0000011d07b1ba68 method=com.sun.tools.javac.util.Convert.utf2chars([BI[CII)I @ 37 c2
Event: 112.244 Thread 0x0000011d6ac7e6f0 DEOPT PACKING pc=0x0000011d07b1ba68 sp=0x0000000406cfb3f0
Event: 112.244 Thread 0x0000011d6ac7e6f0 DEOPT UNPACKING pc=0x0000011d07585ba3 sp=0x0000000406cfb350 mode 2
Event: 112.271 Thread 0x0000011d6ac7e6f0 Uncommon trap: trap_request=0xffffff45 fr.pc=0x0000011d07c61088 relative=0x0000000000000168
Event: 112.271 Thread 0x0000011d6ac7e6f0 Uncommon trap: reason=unstable_if action=reinterpret pc=0x0000011d07c61088 method=com.sun.tools.javac.code.Scope$ScopeImpl.getIndex(Lcom/sun/tools/javac/util/Name;)I @ 65 c2
Event: 112.279 Thread 0x0000011d6ac7e6f0 DEOPT PACKING pc=0x0000011d07c61088 sp=0x0000000406cfb3a0
Event: 112.279 Thread 0x0000011d6ac7e6f0 DEOPT UNPACKING pc=0x0000011d07585ba3 sp=0x0000000406cfb318 mode 2

Classes unloaded (0 events):
No events

Classes redefined (0 events):
No events

Internal exceptions (20 events):
Event: 112.185 Thread 0x0000011d6ac7e6f0 Exception <a 'sun/nio/fs/WindowsException'{0x000000008ad0d538}> (0x000000008ad0d538) 
thrown [s\open\src\hotspot\share\prims\jni.cpp, line 516]
Event: 112.196 Thread 0x0000011d6ac7e6f0 Exception <a 'sun/nio/fs/WindowsException'{0x000000008ad134f8}> (0x000000008ad134f8) 
thrown [s\open\src\hotspot\share\prims\jni.cpp, line 516]
Event: 112.196 Thread 0x0000011d6ac7e6f0 Exception <a 'sun/nio/fs/WindowsException'{0x000000008ad139e8}> (0x000000008ad139e8) 
thrown [s\open\src\hotspot\share\prims\jni.cpp, line 516]
Event: 112.197 Thread 0x0000011d6ac7e6f0 Exception <a 'sun/nio/fs/WindowsException'{0x000000008ad252b0}> (0x000000008ad252b0) 
thrown [s\open\src\hotspot\share\prims\jni.cpp, line 516]
Event: 112.197 Thread 0x0000011d6ac7e6f0 Exception <a 'sun/nio/fs/WindowsException'{0x000000008ad257e8}> (0x000000008ad257e8) 
thrown [s\open\src\hotspot\share\prims\jni.cpp, line 516]
Event: 112.197 Thread 0x0000011d6ac7e6f0 Exception <a 'sun/nio/fs/WindowsException'{0x000000008ad26ed0}> (0x000000008ad26ed0) 
thrown [s\open\src\hotspot\share\prims\jni.cpp, line 516]
Event: 112.197 Thread 0x0000011d6ac7e6f0 Exception <a 'sun/nio/fs/WindowsException'{0x000000008ad27490}> (0x000000008ad27490) 
thrown [s\open\src\hotspot\share\prims\jni.cpp, line 516]
Event: 112.203 Thread 0x0000011d6ac7e6f0 Exception <a 'sun/nio/fs/WindowsException'{0x000000008ad29640}> (0x000000008ad29640) 
thrown [s\open\src\hotspot\share\prims\jni.cpp, line 516]
Event: 112.204 Thread 0x0000011d6ac7e6f0 Exception <a 'sun/nio/fs/WindowsException'{0x000000008ad29bc0}> (0x000000008ad29bc0) 
thrown [s\open\src\hotspot\share\prims\jni.cpp, line 516]
Event: 112.210 Thread 0x0000011d6ac7e6f0 Exception <a 'sun/nio/fs/WindowsException'{0x000000008ad313f8}> (0x000000008ad313f8) 
thrown [s\open\src\hotspot\share\prims\jni.cpp, line 516]
Event: 112.210 Thread 0x0000011d6ac7e6f0 Exception <a 'sun/nio/fs/WindowsException'{0x000000008ad31928}> (0x000000008ad31928) 
thrown [s\open\src\hotspot\share\prims\jni.cpp, line 516]
Event: 112.211 Thread 0x0000011d6ac7e6f0 Exception <a 'sun/nio/fs/WindowsException'{0x000000008ad47a08}> (0x000000008ad47a08) 
thrown [s\open\src\hotspot\share\prims\jni.cpp, line 516]
Event: 112.211 Thread 0x0000011d6ac7e6f0 Exception <a 'sun/nio/fs/WindowsException'{0x000000008ad47f78}> (0x000000008ad47f78) 
thrown [s\open\src\hotspot\share\prims\jni.cpp, line 516]
Event: 112.211 Thread 0x0000011d6ac7e6f0 Exception <a 'sun/nio/fs/WindowsException'{0x000000008ad49698}> (0x000000008ad49698) 
thrown [s\open\src\hotspot\share\prims\jni.cpp, line 516]
Event: 112.211 Thread 0x0000011d6ac7e6f0 Exception <a 'sun/nio/fs/WindowsException'{0x000000008ad49c98}> (0x000000008ad49c98) 
thrown [s\open\src\hotspot\share\prims\jni.cpp, line 516]
Event: 112.480 Thread 0x0000011d6ac7e6f0 Exception <a 'sun/nio/fs/WindowsException'{0x000000008ab1a780}> (0x000000008ab1a780) 
thrown [s\open\src\hotspot\share\prims\jni.cpp, line 516]
Event: 112.481 Thread 0x0000011d6ac7e6f0 Exception <a 'sun/nio/fs/WindowsException'{0x000000008ab1ace0}> (0x000000008ab1ace0) 
thrown [s\open\src\hotspot\share\prims\jni.cpp, line 516]
Event: 112.504 Thread 0x0000011d6ac7e6f0 Exception <a 'sun/nio/fs/WindowsException'{0x000000008ab1bd98}> (0x000000008ab1bd98) 
thrown [s\open\src\hotspot\share\prims\jni.cpp, line 516]
Event: 112.504 Thread 0x0000011d6ac7e6f0 Exception <a 'sun/nio/fs/WindowsException'{0x000000008ab1c2a8}> (0x000000008ab1c2a8) 
thrown [s\open\src\hotspot\share\prims\jni.cpp, line 516]
Event: 112.505 Thread 0x0000011d6ac7e6f0 Exception <a 'sun/nio/fs/WindowsException'{0x000000008ab1d668}> (0x000000008ab1d668) 
thrown [s\open\src\hotspot\share\prims\jni.cpp, line 516]

VM Operations (20 events):
Event: 106.449 Executing VM operation: Cleanup
Event: 106.450 Executing VM operation: Cleanup done
Event: 107.458 Executing VM operation: Cleanup
Event: 107.458 Executing VM operation: Cleanup done
Event: 108.470 Executing VM operation: Cleanup
Event: 108.470 Executing VM operation: Cleanup done
Event: 109.481 Executing VM operation: Cleanup
Event: 109.496 Executing VM operation: Cleanup done
Event: 109.966 Executing VM operation: HandshakeAllThreads
Event: 109.966 Executing VM operation: HandshakeAllThreads done
Event: 110.614 Executing VM operation: HandshakeAllThreads
Event: 110.614 Executing VM operation: HandshakeAllThreads done
Event: 110.614 Executing VM operation: Cleanup
Event: 110.614 Executing VM operation: Cleanup done
Event: 111.628 Executing VM operation: Cleanup
Event: 111.662 Executing VM operation: Cleanup done
Event: 111.742 Executing VM operation: G1CollectForAllocation
Event: 111.779 Executing VM operation: G1CollectForAllocation done
Event: 111.847 Executing VM operation: G1CollectForAllocation
Event: 111.860 Executing VM operation: G1CollectForAllocation done

Events (20 events):
Event: 110.179 loading class java/util/stream/StreamSpliterators$WrappingSpliterator done
Event: 110.180 loading class jdk/internal/jrtfs/JrtDirectoryStream$1
Event: 110.180 loading class jdk/internal/jrtfs/JrtDirectoryStream$1 done
Event: 110.180 loading class java/util/stream/StreamSpliterators
Event: 110.180 loading class java/util/stream/StreamSpliterators done
Event: 110.181 loading class java/util/function/BooleanSupplier
Event: 110.181 loading class java/util/function/BooleanSupplier done
Event: 110.352 loading class java/nio/file/SimpleFileVisitor
Event: 110.354 loading class java/nio/file/SimpleFileVisitor done
Event: 110.354 loading class java/nio/file/FileTreeWalker$1
Event: 110.355 loading class java/nio/file/FileTreeWalker$1 done
Event: 110.356 loading class java/nio/file/Files$3
Event: 110.359 loading class java/nio/file/Files$3 done
Event: 110.359 loading class java/nio/file/FileVisitResult
Event: 110.360 loading class java/nio/file/FileVisitResult done
Event: 110.613 loading class jdk/internal/jimage/ImageReader$LinkNode
Event: 110.613 loading class jdk/internal/jimage/ImageReader$LinkNode done
Event: 111.626 Thread 0x0000011d5065c010 Thread added: 0x0000011d5065c010
Event: 112.110 Thread 0x0000011d5065c010 Thread exited: 0x0000011d5065c010
Event: 112.240 Thread 0x0000011d5065c010 Thread added: 0x0000011d5065c010


Dynamic libraries:
0x00007ff771ea0000 - 0x00007ff771eb0000 	C:\Program Files\Java\jdk-17\bin\java.exe
0x00007ff96ddc0000 - 0x00007ff96e028000 	C:\WINDOWS\SYSTEM32\ntdll.dll
0x00007ff96d2e0000 - 0x00007ff96d3a9000 	C:\WINDOWS\System32\KERNEL32.DLL
0x00007ff96b080000 - 0x00007ff96b478000 	C:\WINDOWS\System32\KERNELBASE.dll
0x00007ff96b960000 - 0x00007ff96baab000 	C:\WINDOWS\System32\ucrtbase.dll
0x00007ff933eb0000 - 0x00007ff933ec9000 	C:\Program Files\Java\jdk-17\bin\jli.dll
0x00007ff96c9e0000 - 0x00007ff96ca94000 	C:\WINDOWS\System32\ADVAPI32.dll
0x00007ff96bb80000 - 0x00007ff96bc29000 	C:\WINDOWS\System32\msvcrt.dll
0x00007ff92d760000 - 0x00007ff92d77b000 	C:\Program Files\Java\jdk-17\bin\VCRUNTIME140.dll
0x00007ff96d3b0000 - 0x00007ff96d456000 	C:\WINDOWS\System32\sechost.dll
0x00007ff96c830000 - 0x00007ff96c948000 	C:\WINDOWS\System32\RPCRT4.dll
0x00007ff96c040000 - 0x00007ff96c207000 	C:\WINDOWS\System32\USER32.dll
0x00007ff96b480000 - 0x00007ff96b4a7000 	C:\WINDOWS\System32\win32u.dll
0x00007ff96d4a0000 - 0x00007ff96d4cb000 	C:\WINDOWS\System32\GDI32.dll
0x00007ff96b5f0000 - 0x00007ff96b71c000 	C:\WINDOWS\System32\gdi32full.dll
0x00007ff96bab0000 - 0x00007ff96bb53000 	C:\WINDOWS\System32\msvcp_win.dll
0x00007ff9534c0000 - 0x00007ff953754000 	C:\WINDOWS\WinSxS\amd64_microsoft.windows.common-controls_6595b64144ccf1df_6.0.26100.7019_none_3e06ffa0e335b8a8\COMCTL32.dll
0x00007ff958290000 - 0x00007ff95829b000 	C:\WINDOWS\SYSTEM32\VERSION.dll
0x00007ff96d460000 - 0x00007ff96d491000 	C:\WINDOWS\System32\IMM32.DLL
0x00007ff955330000 - 0x00007ff95533c000 	C:\Program Files\Java\jdk-17\bin\vcruntime140_1.dll
0x00007ff92c540000 - 0x00007ff92c5ce000 	C:\Program Files\Java\jdk-17\bin\msvcp140.dll
0x00007ff8abcd0000 - 0x00007ff8ac8af000 	C:\Program Files\Java\jdk-17\bin\server\jvm.dll
0x00007ff96c9d0000 - 0x00007ff96c9d8000 	C:\WINDOWS\System32\PSAPI.DLL
0x00007ff91a8b0000 - 0x00007ff91a8ba000 	C:\WINDOWS\SYSTEM32\WSOCK32.dll
0x00007ff96d530000 - 0x00007ff96d5a4000 	C:\WINDOWS\System32\WS2_32.dll
0x00007ff960a10000 - 0x00007ff960a45000 	C:\WINDOWS\SYSTEM32\WINMM.dll
0x00007ff969cd0000 - 0x00007ff969ceb000 	C:\WINDOWS\SYSTEM32\kernel.appcore.dll
0x00007ff94a600000 - 0x00007ff94a60a000 	C:\Program Files\Java\jdk-17\bin\jimage.dll
0x00007ff9687c0000 - 0x00007ff968a02000 	C:\WINDOWS\SYSTEM32\DBGHELP.DLL
0x00007ff96d870000 - 0x00007ff96dbfb000 	C:\WINDOWS\System32\combase.dll
0x00007ff96c6a0000 - 0x00007ff96c777000 	C:\WINDOWS\System32\OLEAUT32.dll
0x00007ff9513d0000 - 0x00007ff95140c000 	C:\WINDOWS\SYSTEM32\dbgcore.DLL
0x00007ff96b4b0000 - 0x00007ff96b555000 	C:\WINDOWS\System32\bcryptPrimitives.dll
0x00007ff92c450000 - 0x00007ff92c475000 	C:\Program Files\Java\jdk-17\bin\java.dll
0x00007ff903e50000 - 0x00007ff903f27000 	C:\Program Files\Java\jdk-17\bin\jsvml.dll
0x00007ff96caa0000 - 0x00007ff96d1f1000 	C:\WINDOWS\System32\SHELL32.dll
0x00007ff96af10000 - 0x00007ff96b07b000 	C:\WINDOWS\System32\wintypes.dll
0x00007ff968b10000 - 0x00007ff96936d000 	C:\WINDOWS\SYSTEM32\windows.storage.dll
0x00007ff96dc10000 - 0x00007ff96dd02000 	C:\WINDOWS\System32\SHCORE.dll
0x00007ff96dd10000 - 0x00007ff96dd77000 	C:\WINDOWS\System32\shlwapi.dll
0x00007ff96ae30000 - 0x00007ff96ae59000 	C:\WINDOWS\SYSTEM32\profapi.dll
0x00007ff92c4e0000 - 0x00007ff92c4f9000 	C:\Program Files\Java\jdk-17\bin\net.dll
0x00007ff95bf90000 - 0x00007ff95c0b8000 	C:\WINDOWS\SYSTEM32\WINHTTP.dll
0x00007ff96a240000 - 0x00007ff96a2ab000 	C:\WINDOWS\system32\mswsock.dll
0x00007ff92c260000 - 0x00007ff92c276000 	C:\Program Files\Java\jdk-17\bin\nio.dll
0x00007ff926dc0000 - 0x00007ff926dd8000 	C:\Program Files\Java\jdk-17\bin\zip.dll
0x0000000069ac0000 - 0x0000000069ae4000 	C:\Program Files\apache-maven-3.9.6\lib\jansi-native\Windows\x86_64\jansi.dll
0x00007ff944370000 - 0x00007ff944380000 	C:\Program Files\Java\jdk-17\bin\verify.dll

dbghelp: loaded successfully - version: 4.0.5 - missing functions: none
symbol engine: initialized successfully - sym options: 0x614 - pdb path: .;C:\Program Files\Java\jdk-17\bin;C:\WINDOWS\SYSTEM32;C:\WINDOWS\WinSxS\amd64_microsoft.windows.common-controls_6595b64144ccf1df_6.0.26100.7019_none_3e06ffa0e335b8a8;C:\Program Files\Java\jdk-17\bin\server;C:\Program Files\apache-maven-3.9.6\lib\jansi-native\Windows\x86_64

VM Arguments:
jvm_args: -Dclassworlds.conf=C:\Program Files\apache-maven-3.9.6\bin\m2.conf -Dmaven.home=C:\Program Files\apache-maven-3.9.6 -Dlibrary.jansi.path=C:\Program Files\apache-maven-3.9.6\lib\jansi-native -Dmaven.multiModuleProjectDirectory=C:\Users\Viviana\Desktop\Universidad\Sexto Semestre\Ingeniería de software 2\Proyecto\Andina-Trading\Backend\servicio-portafolio 
java_command: org.codehaus.plexus.classworlds.launcher.Launcher clean package -DskipTests
java_class_path (initial): C:\Program Files\apache-maven-3.9.6\boot\plexus-classworlds-2.7.0.jar
Launcher Type: SUN_STANDARD

[Global flags]
     intx CICompilerCount                          = 3                                         {product} {ergonomic}
     uint ConcGCThreads                            = 1                                         {product} {ergonomic}
     uint G1ConcRefinementThreads                  = 4                                         {product} {ergonomic}
   size_t G1HeapRegionSize                         = 1048576                                   {product} {ergonomic}
    uintx GCDrainStackTargetSize                   = 64                                        {product} {ergonomic}
   size_t InitialHeapSize                          = 130023424                                 {product} {ergonomic}
   size_t MarkStackSize                            = 4194304                                   {product} {ergonomic}
   size_t MaxHeapSize                              = 2067791872                                {product} {ergonomic}
   size_t MaxNewSize                               = 1240465408                                {product} {ergonomic}
   size_t MinHeapDeltaBytes                        = 1048576                                   {product} {ergonomic}
   size_t MinHeapSize                              = 8388608                                   {product} {ergonomic}
    uintx NonNMethodCodeHeapSize                   = 5832780                                {pd product} {ergonomic}
    uintx NonProfiledCodeHeapSize                  = 122912730                              {pd product} {ergonomic}
    uintx ProfiledCodeHeapSize                     = 122912730                              {pd product} {ergonomic}
    uintx ReservedCodeCacheSize                    = 251658240                              {pd product} {ergonomic}
     bool SegmentedCodeCache                       = true                                      {product} {ergonomic}
   size_t SoftMaxHeapSize                          = 2067791872                             {manageable} {ergonomic}
     bool UseCompressedClassPointers               = true                           {product lp64_product} {ergonomic}
     bool UseCompressedOops                        = true                           {product lp64_product} {ergonomic}
     bool UseG1GC                                  = true                                      {product} {ergonomic}
     bool UseLargePagesIndividualAllocation        = false                                  {pd product} {ergonomic}

Logging:
Log output configuration:
 #0: stdout all=warning uptime,level,tags
 #1: stderr all=off uptime,level,tags

Environment Variables:
PATH=C:\Program Files\Java\jdk-17\bin;C:\Program Files\Common Files\Oracle\Java\javapath;C:\Users\m6970\.jdks\openjdk-20.0.1\bin;C:\Program Files\apache-maven-3.9.6\bin;C:\Users\m6970\AppData\Local\Programs\Python\Python311;C:\Program Files\Microsoft VS Code\bin;C:\WINDOWS\system32;C:\WINDOWS;C:\WINDOWS\System32\Wbem;C:\WINDOWS\System32\WindowsPowerShell\v1.0\;C:\WINDOWS\System32\OpenSSH\;C:\Program Files\Git\cmd;C:\Program Files\dotnet\;C:\Program Files (x86)\Microsoft SQL Server\160\Tools\Binn\;C:\Program Files\Microsoft SQL Server\160\Tools\Binn\;C:\Program Files\Microsoft SQL Server\Client SDK\ODBC\170\Tools\Binn\;C:\Program Files\Microsoft SQL Server\160\DTS\Binn\;C:\Program Files (x86)\Microsoft SQL Server\160\DTS\Binn\;C:\Program Files\nodejs\;C:\Program Files\Docker\Docker\resources\bin;C:\Users\Viviana\AppData\Local\Programs\Python\Python313\Scripts\;C:\Users\Viviana\AppData\Local\Programs\Python\Python313\;C:\Program Files\MySQL\MySQL Shell 8.0\bin\;C:\Users\Viviana\AppData\Local\Microsoft\WindowsApps;C:\Users\Viviana\AppData\Local\Muse Hub\lib;C:\Users\Viviana\AppData\Roaming\npm
USERNAME=Viviana
OS=Windows_NT
PROCESSOR_IDENTIFIER=Intel64 Family 6 Model 140 Stepping 1, GenuineIntel



---------------  S Y S T E M  ---------------

OS:
 Windows 11 , 64 bit Build 26100 (10.0.26100.7019)
OS uptime: 0 days 17:37 hours
Hyper-V role detected

CPU: total 4 (initial active 4) (2 cores per cpu, 2 threads per core) family 6 model 140 stepping 1 microcode 0xa4, cx8, cmov, fxsr, ht, mmx, 3dnowpref, sse, sse2, sse3, ssse3, sse4.1, sse4.2, popcnt, lzcnt, tsc, tscinvbit, avx, avx2, aes, erms, clmul, bmi1, bmi2, adx, avx512f, avx512dq, avx512cd, avx512bw, avx512vl, sha, fma, vzeroupper, avx512_vpopcntdq, avx512_vpclmulqdq, avx512_vaes, avx512_vnni, clflush, clflushopt, clwb, avx512_vbmi2, avx512_vbmi, hv

Memory: 4k page, system-wide physical 7886M (674M free)
TotalPageFile size 24270M (AvailPageFile size 0M)
current process WorkingSet (physical memory assigned to process): 205M, peak: 205M
current process commit charge ("private bytes"): 253M, peak: 259M

vm_info: Java HotSpot(TM) 64-Bit Server VM (17.0.10+11-LTS-240) for windows-amd64 JRE (17.0.10+11-LTS-240), built on Dec 19 2023 21:47:25 by "mach5one" with MS VC++ 17.1 (VS2022)

END.
